// Vitest Snapshot v1

exports[`Counter.vue > should respect the snapshot 1`] = `
<div
  data-v-app=""
>
  
  <div>
     count is: 0
  </div>
  <div>
     isEven is: true | isOdd is: false
  </div>
  <button>
    increment sync
  </button>
   Â  
  <button>
    increment async
  </button>
  
</div>
`;
